{
    "ok":  true,
    "message":  "Test notifications attempted",
    "results":  {
                    "timestamp":  "2026-02-08T10:28:31.675Z",
                    "email":  {
                                  "success":  true,
                                  "messageId":  "\u003cfb5dbb95-8eed-a364-13e6-4684b7401187@gmail.com\u003e",
                                  "sentTo":  "shashwat02022005@gmail.com"
                              },
                    "sms":  {
                                "success":  false,
                                "error":  "Account AC6b3367f172fdb9ce3c65eddf04f7405c exceeded the 50 daily messages limit",
                                "code":  63038,
                                "sentTo":  "+919794177498"
                            },
                    "whatsapp":  null,
                    "databaseUpdate":  null
                },
    "nextSteps":  [
                      "To receive notifications when scraper runs,",
                      "add updateDatabase: true to update user phone/email in DB"
                  ]
}
